// Jest Snapshot v1, https://goo.gl/fbAQLP

exports[`SocialAnalytics component should render 0 likes and 0 comments 1`] = `
<section
  className="social-container"
>
  <div
    className="like"
  >
    <i
      className="far fa-heart"
    />
    0
  </div>
  <div
    className="comment"
  >
    <i
      className="far fa-comment"
    />
    0
  </div>
</section>
`;

exports[`SocialAnalytics component should render 0 likes and 5 comments 1`] = `
<section
  className="social-container"
>
  <div
    className="like"
  >
    <i
      className="far fa-heart"
    />
    0
  </div>
  <div
    className="comment"
  >
    <i
      className="far fa-comment"
    />
    5
  </div>
</section>
`;

exports[`SocialAnalytics component should render 5 likes and 0 comments 1`] = `
<section
  className="social-container"
>
  <div
    className="like"
  >
    <i
      className="far fa-heart"
    />
    5
  </div>
  <div
    className="comment"
  >
    <i
      className="far fa-comment"
    />
    0
  </div>
</section>
`;

exports[`SocialAnalytics component should render 5 likes and 5 comments 1`] = `
<section
  className="social-container"
>
  <div
    className="like"
  >
    <i
      className="far fa-heart"
    />
    5
  </div>
  <div
    className="comment"
  >
    <i
      className="far fa-comment"
    />
    5
  </div>
</section>
`;
