// Jest Snapshot v1, https://goo.gl/fbAQLP

exports[`NotFound component should render correctly 1`] = `
<section
  className="container"
>
  <div
    className="info"
  >
    <h2>
      404 - Page Not Found
    </h2>
    <Link
      className="button"
      to="/"
    >
      Go to Homepage
    </Link>
  </div>
  <img
    alt="404"
    src="https://res.cloudinary.com/dxxq5xtsy/image/upload/v1576342536/o7hfrt963jvu4oqzdbov.png"
  />
</section>
`;
